50:C 13 Jun 2025 02:12:39.263 # oO0OoO0OoO0Oo Redis is starting oO0OoO0OoO0Oo
50:C 13 Jun 2025 02:12:39.264 # Redis version=7.0.15, bits=64, commit=00000000, modified=0, pid=50, just started
50:C 13 Jun 2025 02:12:39.264 # Warning: no config file specified, using the default config. In order to specify a config file use redis-server /path/to/redis.conf
50:M 13 Jun 2025 02:12:39.265 * monotonic clock: POSIX clock_gettime
50:M 13 Jun 2025 02:12:39.271 * Running mode=standalone, port=6379.
50:M 13 Jun 2025 02:12:39.272 # Server initialized
50:M 13 Jun 2025 02:12:39.276 * Ready to accept connections
50:signal-handler (1749784718) Received SIGINT scheduling shutdown...
50:M 13 Jun 2025 03:18:38.869 # User requested shutdown...
50:M 13 Jun 2025 03:18:38.870 * Saving the final RDB snapshot before exiting.
50:M 13 Jun 2025 03:18:38.885 * DB saved on disk
50:M 13 Jun 2025 03:18:38.885 # Redis is now ready to exit, bye bye...
247:C 13 Jun 2025 03:27:35.467 # oO0OoO0OoO0Oo Redis is starting oO0OoO0OoO0Oo
247:C 13 Jun 2025 03:27:35.468 # Redis version=7.0.15, bits=64, commit=00000000, modified=0, pid=247, just started
247:C 13 Jun 2025 03:27:35.468 # Warning: no config file specified, using the default config. In order to specify a config file use redis-server /path/to/redis.conf
247:M 13 Jun 2025 03:27:35.469 * monotonic clock: POSIX clock_gettime
247:M 13 Jun 2025 03:27:35.472 * Running mode=standalone, port=6379.
685:C 23 Jun 2025 09:18:49.105 # oO0OoO0OoO0Oo Redis is starting oO0OoO0OoO0Oo
685:C 23 Jun 2025 09:18:49.107 # Redis version=7.0.15, bits=64, commit=00000000, modified=0, pid=685, just started
685:C 23 Jun 2025 09:18:49.107 # Configuration loaded
685:M 23 Jun 2025 09:18:49.108 * monotonic clock: POSIX clock_gettime
685:M 23 Jun 2025 09:18:49.113 * Running mode=standalone, port=6379.
685:M 23 Jun 2025 09:18:49.114 # Server initialized
685:M 23 Jun 2025 09:18:49.119 * Ready to accept connections
685:signal-handler (1750670447) Received SIGINT scheduling shutdown...
685:M 23 Jun 2025 09:20:47.241 # User requested shutdown...
685:M 23 Jun 2025 09:20:47.242 * Saving the final RDB snapshot before exiting.
685:M 23 Jun 2025 09:20:47.256 * DB saved on disk
685:M 23 Jun 2025 09:20:47.256 # Redis is now ready to exit, bye bye...
8:C 23 Jun 2025 09:23:22.138 # oO0OoO0OoO0Oo Redis is starting oO0OoO0OoO0Oo
8:C 23 Jun 2025 09:23:22.140 # Redis version=7.0.15, bits=64, commit=00000000, modified=0, pid=8, just started
8:C 23 Jun 2025 09:23:22.140 # Configuration loaded
8:M 23 Jun 2025 09:23:22.141 * monotonic clock: POSIX clock_gettime
8:M 23 Jun 2025 09:23:22.145 * Running mode=standalone, port=6379.
8:M 23 Jun 2025 09:23:22.145 # Server initialized
8:M 23 Jun 2025 09:23:22.151 * Loading RDB produced by version 7.0.15
8:M 23 Jun 2025 09:23:22.152 * RDB age 155 seconds
8:M 23 Jun 2025 09:23:22.152 * RDB memory usage when created 1.13 Mb
8:M 23 Jun 2025 09:23:22.153 * Done loading RDB, keys loaded: 6, keys expired: 0.
8:M 23 Jun 2025 09:23:22.153 * DB loaded from disk: 0.004 seconds
8:M 23 Jun 2025 09:23:22.153 * Ready to accept connections
198:C 24 Jun 2025 03:10:21.705 # oO0OoO0OoO0Oo Redis is starting oO0OoO0OoO0Oo
198:C 24 Jun 2025 03:10:21.706 # Redis version=7.0.15, bits=64, commit=00000000, modified=0, pid=198, just started
198:C 24 Jun 2025 03:10:21.706 # Configuration loaded
198:M 24 Jun 2025 03:10:21.707 * monotonic clock: POSIX clock_gettime
198:M 24 Jun 2025 03:10:21.711 * Running mode=standalone, port=6379.
198:M 24 Jun 2025 03:10:21.711 # Server initialized
198:M 24 Jun 2025 03:10:21.717 * Loading RDB produced by version 7.0.15
198:M 24 Jun 2025 03:10:21.717 * RDB age 86 seconds
198:M 24 Jun 2025 03:10:21.717 * RDB memory usage when created 1.13 Mb
198:M 24 Jun 2025 03:10:21.718 * Done loading RDB, keys loaded: 6, keys expired: 0.
198:M 24 Jun 2025 03:10:21.718 * DB loaded from disk: 0.004 seconds
198:M 24 Jun 2025 03:10:21.719 * Ready to accept connections
198:signal-handler (1750734630) Received SIGINT scheduling shutdown...
198:M 24 Jun 2025 03:10:31.006 # User requested shutdown...
198:M 24 Jun 2025 03:10:31.007 * Saving the final RDB snapshot before exiting.
198:M 24 Jun 2025 03:10:31.021 * DB saved on disk
198:M 24 Jun 2025 03:10:31.021 # Redis is now ready to exit, bye bye...
208:C 24 Jun 2025 03:12:05.120 # oO0OoO0OoO0Oo Redis is starting oO0OoO0OoO0Oo
208:C 24 Jun 2025 03:12:05.120 # Redis version=7.0.15, bits=64, commit=00000000, modified=0, pid=208, just started
208:C 24 Jun 2025 03:12:05.121 # Configuration loaded
208:M 24 Jun 2025 03:12:05.121 * monotonic clock: POSIX clock_gettime
208:M 24 Jun 2025 03:12:05.124 * Running mode=standalone, port=6379.
208:M 24 Jun 2025 03:12:05.124 # Server initialized
208:M 24 Jun 2025 03:12:05.128 * Loading RDB produced by version 7.0.15
208:M 24 Jun 2025 03:12:05.129 * RDB age 94 seconds
208:M 24 Jun 2025 03:12:05.129 * RDB memory usage when created 0.84 Mb
208:M 24 Jun 2025 03:12:05.130 * Done loading RDB, keys loaded: 6, keys expired: 0.
208:M 24 Jun 2025 03:12:05.130 * DB loaded from disk: 0.004 seconds
208:M 24 Jun 2025 03:12:05.131 * Ready to accept connections
208:M 24 Jun 2025 03:27:10.250 * 100 changes in 300 seconds. Saving...
208:M 24 Jun 2025 03:27:10.253 * Background saving started by pid 435
435:C 24 Jun 2025 03:27:10.268 * DB saved on disk
435:C 24 Jun 2025 03:27:10.269 * Fork CoW for RDB: current 0 MB, peak 0 MB, average 0 MB
208:M 24 Jun 2025 03:27:10.354 * Background saving terminated with success
8:C 24 Jun 2025 04:50:55.680 # oO0OoO0OoO0Oo Redis is starting oO0OoO0OoO0Oo
8:C 24 Jun 2025 04:50:55.681 # Redis version=7.0.15, bits=64, commit=00000000, modified=0, pid=8, just started
8:C 24 Jun 2025 04:50:55.682 # Configuration loaded
8:M 24 Jun 2025 04:50:55.682 * monotonic clock: POSIX clock_gettime
8:M 24 Jun 2025 04:50:55.685 * Running mode=standalone, port=6379.
8:M 24 Jun 2025 04:50:55.685 # Server initialized
8:M 24 Jun 2025 04:50:55.700 * Loading RDB produced by version 7.0.15
8:M 24 Jun 2025 04:50:55.700 * RDB age 5025 seconds
8:M 24 Jun 2025 04:50:55.701 * RDB memory usage when created 1.18 Mb
8:M 24 Jun 2025 04:50:55.703 * Done loading RDB, keys loaded: 7, keys expired: 2.
8:M 24 Jun 2025 04:50:55.704 * DB loaded from disk: 0.016 seconds
8:M 24 Jun 2025 04:50:55.704 * Ready to accept connections
8:M 24 Jun 2025 05:13:33.887 * 100 changes in 300 seconds. Saving...
8:M 24 Jun 2025 05:13:33.890 * Background saving started by pid 169
169:C 24 Jun 2025 05:13:33.909 * DB saved on disk
169:C 24 Jun 2025 05:13:33.910 * Fork CoW for RDB: current 0 MB, peak 0 MB, average 0 MB
8:M 24 Jun 2025 05:13:34.000 * Background saving terminated with success
8:M 24 Jun 2025 05:18:34.035 * 100 changes in 300 seconds. Saving...
8:M 24 Jun 2025 05:18:34.039 * Background saving started by pid 196
196:C 24 Jun 2025 05:18:34.062 * DB saved on disk
196:C 24 Jun 2025 05:18:34.063 * Fork CoW for RDB: current 0 MB, peak 0 MB, average 0 MB
8:M 24 Jun 2025 05:18:34.147 * Background saving terminated with success
8:M 24 Jun 2025 05:33:25.260 * 100 changes in 300 seconds. Saving...
8:M 24 Jun 2025 05:33:25.261 * Background saving started by pid 268
268:C 24 Jun 2025 05:33:25.276 * DB saved on disk
268:C 24 Jun 2025 05:33:25.277 * Fork CoW for RDB: current 0 MB, peak 0 MB, average 0 MB
8:M 24 Jun 2025 05:33:25.365 * Background saving terminated with success
8:M 24 Jun 2025 05:48:41.933 * 100 changes in 300 seconds. Saving...
8:M 24 Jun 2025 05:48:41.934 * Background saving started by pid 318
318:C 24 Jun 2025 05:48:41.950 * DB saved on disk
318:C 24 Jun 2025 05:48:41.951 * Fork CoW for RDB: current 0 MB, peak 0 MB, average 0 MB
8:M 24 Jun 2025 05:48:42.041 * Background saving terminated with success
8:M 24 Jun 2025 06:14:59.817 * 100 changes in 300 seconds. Saving...
8:M 24 Jun 2025 06:14:59.819 * Background saving started by pid 370
370:C 24 Jun 2025 06:14:59.836 * DB saved on disk
370:C 24 Jun 2025 06:14:59.837 * Fork CoW for RDB: current 0 MB, peak 0 MB, average 0 MB
8:M 24 Jun 2025 06:14:59.920 * Background saving terminated with success
8:M 24 Jun 2025 06:44:34.824 * 100 changes in 300 seconds. Saving...
8:M 24 Jun 2025 06:44:34.828 * Background saving started by pid 431
431:C 24 Jun 2025 06:44:34.854 * DB saved on disk
431:C 24 Jun 2025 06:44:34.855 * Fork CoW for RDB: current 0 MB, peak 0 MB, average 0 MB
8:M 24 Jun 2025 06:44:34.928 * Background saving terminated with success
8:M 24 Jun 2025 06:58:28.997 * 100 changes in 300 seconds. Saving...
8:M 24 Jun 2025 06:58:28.999 * Background saving started by pid 558
558:C 24 Jun 2025 06:58:29.019 * DB saved on disk
558:C 24 Jun 2025 06:58:29.020 * Fork CoW for RDB: current 0 MB, peak 0 MB, average 0 MB
8:M 24 Jun 2025 06:58:29.103 * Background saving terminated with success
8:signal-handler (1750748390) Received SIGINT scheduling shutdown...
8:M 24 Jun 2025 06:59:50.462 # User requested shutdown...
8:M 24 Jun 2025 06:59:50.462 * Saving the final RDB snapshot before exiting.
8:M 24 Jun 2025 06:59:50.477 * DB saved on disk
8:M 24 Jun 2025 06:59:50.478 # Redis is now ready to exit, bye bye...
